// Jest Snapshot v1, https://goo.gl/fbAQLP

exports[`App should match snapshot 1`] = `
<main>
  <header>
    <h1>
      Denver News
    </h1>
    <SearchForm
      updateNews={[Function]}
    />
  </header>
  <Menu
    updateCurrentCategory={[Function]}
  />
  <section
    id="loader-container"
  >
    <div
      className="loader"
    />
  </section>
</main>
`;
